<html>
<body>
<pre>
<h1>µVision Build Log</h1>
<h2>Tool Versions:</h2>
IDE-Version: ¦ÌVision V5.14.0.0
Copyright (C) 2015 ARM Ltd and ARM Germany GmbH. All rights reserved.
License Information: lan lz_home, Hewlett-Packard, LIC=MGXAR-K50PK-5ARDF-6Q01J-V3YTQ-7RM0I
 
Tool Versions:
Toolchain:       MDK-ARM Professional  Version: 5.14.0.0
Toolchain Path:  D:\CodeandOthers\MDK\ARM\ARMCC\Bin
C Compiler:      Armcc.exe V5.05 update 1 (build 106)
Assembler:       Armasm.exe V5.05 update 1 (build 106)
Linker/Locator:  ArmLink.exe V5.05 update 1 (build 106)
Library Manager: ArmAr.exe V5.05 update 1 (build 106)
Hex Converter:   FromElf.exe V5.05 update 1 (build 106)
CPU DLL:         SARMCM3.DLL V5.14.0.0
Dialog DLL:      DCM.DLL V1.13.1.0
Target DLL:      Segger\JL2CM3.dll V2.99.13.0
Dialog DLL:      TCM.DLL V1.14.4.0
 
<h2>Project:</h2>
C:\Users\lz_home\Desktop\EMWIN_Test\USER\Template.uvprojx
Project File Date:  05/06/2017

<h2>Output:</h2>
Build target 'Target 1'
compiling FrameWinDLG.c...
FrameWinDLG.c(434): warning:  #550-D: variable "hTimer" was set but never used
    WM_HTIMER hTimer;
FrameWinDLG.c(106): warning:  #550-D: variable "isError" was set but never used
  static int isError = 0;
FrameWinDLG.c: 2 warnings, 0 errors
linking...
Program Size: Code=119998 RO-data=21586 RW-data=2908 ZI-data=43708  
FromELF: creating hex file...
"..\OBJ\MALLOC.axf" - 0 Error(s), 2 Warning(s).

<h2>Collection of Component include folders:</h2>
  C:\Users\lz_home\Desktop\EMWIN_Test\USER\RTE
  D:\CodeandOthers\MDK\ARM\PACK\Keil\STM32F1xx_DFP\1.0.5\Device\Include

<h2>Collection of Component Files used:</h2>
</pre>
</body>
</html>
